
① 对照：有 ts 的陈旧会话（1 小时前写的 running）
  · 旧 ts 快照：启动后主状态=idle，面板会话=无
  ok   启动后主状态 = idle（旧会话被静默兜底清掉）
  ok   面板里不残留这条会话
  ok   日志里有"静默超过 15 分钟"的留痕

② 无 ts 的快照是**刚写的** → 照常生效（修复不能误杀）
  · 刚写的无 ts 快照：启动后主状态=running，面板会话=default:running@0秒前
  ok   主状态 = running（写入时刻就是"现在"）
  ok   面板里这条会话显示为"0 秒前"

③ 无 ts + mtime 倒回 1 小时 → 启动即判静默（**这次的修复点**）
  · 陈旧的无 ts 快照：启动后主状态=idle，面板会话=无
  · 文件 mtime 距今 60 分钟（> 15 分钟 = 早该判静默）
  ok   文件 mtime 确实倒回了 1 小时（前置成立）
  ok   启动后主状态 = idle（不再"新鲜" 15 分钟）
  ok   面板里不残留这条会话
  ok   日志里有"静默超过 15 分钟"的留痕

④ 简写快照 {"status":"running"}（另一种入口，同样不带 ts）
  · 简写·刚写：启动后主状态=running，面板会话=default:running@0秒前
  ok   刚写的简写快照 → running
  · 简写·1 小时前：启动后主状态=idle，面板会话=无
  ok   1 小时前的简写快照 → idle（同一条兜底规则覆盖简写形态）

⑤ 无 ts 的陈旧会话不会被"别的会话被写"续命
  ok   两者都是陈旧的无 ts 会话 → 启动即 idle
  ok   面板 0 行（两条都过期了）
  · 只写 a 之后：面板会话=a:running
  ok   被写的那条恢复（真的有人动它）
  ok   没被写的那条仍然过期（没有被顺手续命）

⑥ 「清空状态会话」之后不再有残留（复刻 main 的三步顺序）
  ok   清空前：主状态 = needs-input
  ok   清空前：面板 2 行
  · 清空后面板会话：无
  ok   清空改变了仲裁输出（面板/气泡/托盘都要刷新）
  ok   清空后主状态回落 idle（宠物松手）
  ok   清空后面板行数归零
  ok   清空后**没有**"会话已被移除，按 idle 处理"的补事件（reset 生效）
  ok   再读几轮文件也不会把会话读回来

合计 22 项通过，0 项失败
